Your environment is not configured to handle Unicode characters. Environment variable LC_CTYPE is temporary set to en_US.UTF-8 (found on the system) for Unicode support.
-- Found Git: /usr/bin/git (found version "2.50.1 (Apple Git-155)")
-- Minimal build - OFF
-- The C compiler identification is GNU 15.2.0
-- The CXX compiler identification is GNU 15.2.0
-- The ASM compiler identification is GNU
-- Found assembler: /Users/hojunsong/.espressif/tools/xtensa-esp-elf/esp-15.2.0_20251204/xtensa-esp-elf/bin/xtensa-esp32s3-elf-gcc
-- Detecting C compiler ABI info
-- Detecting C compiler ABI info - done
-- Check for working C compiler: /Users/hojunsong/.espressif/tools/xtensa-esp-elf/esp-15.2.0_20251204/xtensa-esp-elf/bin/xtensa-esp32s3-elf-gcc - skipped
-- Detecting C compile features
-- Detecting C compile features - done
-- Detecting CXX compiler ABI info
-- Detecting CXX compiler ABI info - done
-- Check for working CXX compiler: /Users/hojunsong/.espressif/tools/xtensa-esp-elf/esp-15.2.0_20251204/xtensa-esp-elf/bin/xtensa-esp32s3-elf-g++ - skipped
-- Detecting CXX compile features
-- Detecting CXX compile features - done
-- Building ESP-IDF components for target esp32s3
-- KCONFIG_REPORT_VERBOSITY not set, using default
-- Project sdkconfig file /Users/hojunsong/Desktop/Desktop - hojun’s mbp/SailingBLEWatchMonitor/firmware-idf/sdkconfig
NOTE: /Users/hojunsong/esp/esp-idf/components/bt/host/nimble/Kconfig.in:1428: BT_NIMBLE_MESH_PROVISIONER: 'default 0' is not a valid bool value (only 'y' and 'n' are allowed). Value is treated as 'n'.
NOTE: /Users/hojunsong/esp/esp-idf/components/fatfs/Kconfig:240: FATFS_PRINT_LLI: 'default 0' is not a valid bool value (only 'y' and 'n' are allowed). Value is treated as 'n'.
NOTE: /Users/hojunsong/esp/esp-idf/components/fatfs/Kconfig:245: FATFS_PRINT_FLOAT: 'default 0' is not a valid bool value (only 'y' and 'n' are allowed). Value is treated as 'n'.
NOTE: /Users/hojunsong/esp/esp-idf/components/bt/sdkconfig.rename.esp32s3:4: duplicate rename mapping for CONFIG_BT_NIMBLE_COEX_PHY_CODED_TX_RX_TLIM_EN: previous target CONFIG_BT_LE_COEX_PHY_CODED_TX_RX_TLIM_EN, new target CONFIG_BT_CTRL_COEX_PHY_CODED_TX_RX_TLIM_EN - last mapping is used
NOTE: /Users/hojunsong/esp/esp-idf/components/bt/sdkconfig.rename.esp32s3:5: duplicate rename mapping for CONFIG_BT_NIMBLE_COEX_PHY_CODED_TX_RX_TLIM_DIS: previous target CONFIG_BT_LE_COEX_PHY_CODED_TX_RX_TLIM_DIS, new target CONFIG_BT_CTRL_COEX_PHY_CODED_TX_RX_TLIM_DIS - last mapping is used
Loading defaults file /Users/hojunsong/Desktop/Desktop - hojun’s mbp/SailingBLEWatchMonitor/firmware-idf/sdkconfig.defaults...
NOTE: Kconfig parser version: 1
NOTE: Kconfig defaults policy: use sdkconfig
NOTE: Status: Finished successfully
-- Compiler supported targets: xtensa-esp-elf
-- Detecting C compiler ABI info
-- Detecting C compiler ABI info - done
-- Detecting CXX compiler ABI info
-- Detecting CXX compiler ABI info - done
-- Detecting C compiler ABI info
-- Detecting C compiler ABI info - failed
-- Detecting CXX compiler ABI info
-- Detecting CXX compiler ABI info - failed
-- App "sail_idf" version: web-picker-fast-62-g2b18b17
-- Found Python3: /Users/hojunsong/.espressif/python_env/idf6.1_py3.13_env/bin/python (found version "3.13.2") found components: Interpreter
-- Performing Test CMAKE_HAVE_LIBC_PTHREAD
-- Performing Test CMAKE_HAVE_LIBC_PTHREAD - Failed
-- Check if compiler accepts -pthread
-- Check if compiler accepts -pthread - no
-- Looking for pthread_create in pthreads
-- Looking for pthread_create in pthreads - not found
-- Looking for pthread_create in pthread
-- Looking for pthread_create in pthread - not found
-- Could NOT find Threads (missing: Threads_FOUND) 
-- Could NOT find Threads (missing: Threads_FOUND) 
-- Performing Test C_COMPILER_SUPPORTS_WFORMAT_SIGNEDNESS
-- Performing Test C_COMPILER_SUPPORTS_WFORMAT_SIGNEDNESS - Failed
-- Setting up mbedtls configuration
-- Linkage type is PUBLIC
-- Adding linker script /Users/hojunsong/esp/esp-idf/components/esp_hal_wdt/esp32s3/rom.wdt.ld
-- Adding linker script /Users/hojunsong/esp/esp-idf/components/esp_system/ld/esp32s3/memory.ld.in
--   -> Preprocessing .in script: /Users/hojunsong/esp/esp-idf/components/esp_system/ld/esp32s3/memory.ld.in
-- Adding linker script /Users/hojunsong/esp/esp-idf/components/esp_system/ld/esp32s3/sections.ld.in
--   -> Preprocessing .in script: /Users/hojunsong/esp/esp-idf/components/esp_system/ld/esp32s3/sections.ld.in
--   -> Applying ldgen processing: /Users/hojunsong/Desktop/Desktop - hojun’s mbp/SailingBLEWatchMonitor/firmware-idf/build/esp-idf/esp_system/ld/sections.ld.in
-- Adding linker script /Users/hojunsong/esp/esp-idf/components/esp_rom/esp32s3/ld/esp32s3.rom.ld
-- Adding linker script /Users/hojunsong/esp/esp-idf/components/esp_rom/esp32s3/ld/esp32s3.rom.api.ld
-- Adding linker script /Users/hojunsong/esp/esp-idf/components/esp_rom/esp32s3/ld/esp32s3.rom.bt_funcs.ld
-- Adding linker script /Users/hojunsong/esp/esp-idf/components/esp_rom/esp32s3/ld/esp32s3.rom.libgcc.ld
-- Adding linker script /Users/hojunsong/esp/esp-idf/components/esp_rom/esp32s3/ld/esp32s3.rom.version.ld
-- Adding linker script /Users/hojunsong/esp/esp-idf/components/esp_rom/esp32s3/ld/esp32s3.rom.ble_master.ld
-- Adding linker script /Users/hojunsong/esp/esp-idf/components/esp_rom/esp32s3/ld/esp32s3.rom.ble_50.ld
-- Adding linker script /Users/hojunsong/esp/esp-idf/components/esp_rom/esp32s3/ld/esp32s3.rom.ble_smp.ld
-- Adding linker script /Users/hojunsong/esp/esp-idf/components/esp_rom/esp32s3/ld/esp32s3.rom.ble_dtm.ld
-- Adding linker script /Users/hojunsong/esp/esp-idf/components/esp_rom/esp32s3/ld/esp32s3.rom.ble_test.ld
-- Adding linker script /Users/hojunsong/esp/esp-idf/components/esp_rom/esp32s3/ld/esp32s3.rom.ble_scan.ld
-- Adding linker script /Users/hojunsong/esp/esp-idf/components/esp_rom/esp32s3/ld/esp32s3.rom.libc.ld
-- Adding linker script /Users/hojunsong/esp/esp-idf/components/soc/esp32s3/ld/esp32s3.peripherals.ld
-- Adding linker script /Users/hojunsong/esp/esp-idf/components/esp_hal_regi2c/esp32s3/rom.regi2c.ld
CMake Warning at /Users/hojunsong/esp/esp-idf/tools/cmake/component_validation.cmake:106 (message):
  Private include directory
  '/Users/hojunsong/esp/esp-idf/components/esp_wifi/wifi_apps/roaming_app/include'
  belongs to component esp_wifi but is being used by component
  wpa_supplicant.  It is recommended to define the component dependency for
  wpa_supplicant on the component esp_wifi, i.e.  'idf_component_register(...
  PRIV_REQUIRES esp_wifi)' in the CMakeLists.txt of wpa_supplicant, and
  specify the included directory as idf_component_register(...
  PRIV_INCLUDE_DIRS <dir relative to component>) in the CMakeLists.txt of
  component esp_wifi.
Call Stack (most recent call first):
  /Users/hojunsong/esp/esp-idf/tools/cmake/component_validation.cmake:130 (__component_validation_check_include_dirs)
  /Users/hojunsong/esp/esp-idf/CMakeLists.txt:356 (__component_validation_run_checks)


CMake Warning at /Users/hojunsong/esp/esp-idf/tools/cmake/component_validation.cmake:106 (message):
  Private include directory
  '/Users/hojunsong/esp/esp-idf/components/esp_wifi/wifi_apps/roaming_app/src'
  belongs to component esp_wifi but is being used by component
  wpa_supplicant.  It is recommended to define the component dependency for
  wpa_supplicant on the component esp_wifi, i.e.  'idf_component_register(...
  PRIV_REQUIRES esp_wifi)' in the CMakeLists.txt of wpa_supplicant, and
  specify the included directory as idf_component_register(...
  PRIV_INCLUDE_DIRS <dir relative to component>) in the CMakeLists.txt of
  component esp_wifi.
Call Stack (most recent call first):
  /Users/hojunsong/esp/esp-idf/tools/cmake/component_validation.cmake:130 (__component_validation_check_include_dirs)
  /Users/hojunsong/esp/esp-idf/CMakeLists.txt:356 (__component_validation_run_checks)


CMake Warning at /Users/hojunsong/esp/esp-idf/tools/cmake/component_validation.cmake:106 (message):
  Private include directory
  '/Users/hojunsong/esp/esp-idf/components/esp_wifi/wifi_apps/include/apps_private'
  belongs to component esp_wifi but is being used by component
  wpa_supplicant.  It is recommended to define the component dependency for
  wpa_supplicant on the component esp_wifi, i.e.  'idf_component_register(...
  PRIV_REQUIRES esp_wifi)' in the CMakeLists.txt of wpa_supplicant, and
  specify the included directory as idf_component_register(...
  PRIV_INCLUDE_DIRS <dir relative to component>) in the CMakeLists.txt of
  component esp_wifi.
Call Stack (most recent call first):
  /Users/hojunsong/esp/esp-idf/tools/cmake/component_validation.cmake:130 (__component_validation_check_include_dirs)
  /Users/hojunsong/esp/esp-idf/CMakeLists.txt:356 (__component_validation_run_checks)


CMake Warning at /Users/hojunsong/esp/esp-idf/tools/cmake/component_validation.cmake:106 (message):
  Private include directory
  '/Users/hojunsong/esp/esp-idf/components/wpa_supplicant/src' belongs to
  component wpa_supplicant but is being used by component esp_wifi.  It is
  recommended to define the component dependency for esp_wifi on the
  component wpa_supplicant, i.e.  'idf_component_register(...  PRIV_REQUIRES
  wpa_supplicant)' in the CMakeLists.txt of esp_wifi, and specify the
  included directory as idf_component_register(...  PRIV_INCLUDE_DIRS <dir
  relative to component>) in the CMakeLists.txt of component wpa_supplicant.
Call Stack (most recent call first):
  /Users/hojunsong/esp/esp-idf/tools/cmake/component_validation.cmake:130 (__component_validation_check_include_dirs)
  /Users/hojunsong/esp/esp-idf/CMakeLists.txt:356 (__component_validation_run_checks)


CMake Warning at /Users/hojunsong/esp/esp-idf/tools/cmake/component_validation.cmake:106 (message):
  Private include directory
  '/Users/hojunsong/esp/esp-idf/components/wpa_supplicant/esp_supplicant/src'
  belongs to component wpa_supplicant but is being used by component
  esp_wifi.  It is recommended to define the component dependency for
  esp_wifi on the component wpa_supplicant, i.e.  'idf_component_register(...
  PRIV_REQUIRES wpa_supplicant)' in the CMakeLists.txt of esp_wifi, and
  specify the included directory as idf_component_register(...
  PRIV_INCLUDE_DIRS <dir relative to component>) in the CMakeLists.txt of
  component wpa_supplicant.
Call Stack (most recent call first):
  /Users/hojunsong/esp/esp-idf/tools/cmake/component_validation.cmake:130 (__component_validation_check_include_dirs)
  /Users/hojunsong/esp/esp-idf/CMakeLists.txt:356 (__component_validation_run_checks)


-- Component idf::esp_trace will be linked with -Wl,--whole-archive
-- Components: app_trace app_update bootloader bootloader_support bt cmock console cxx driver efuse esp-tls esp_adc esp_app_format esp_asrc_adapter esp_blockdev esp_blockdev_util esp_bootloader_format esp_coex esp_common esp_driver_ana_cmpr esp_driver_bitscrambler esp_driver_cam esp_driver_cordic esp_driver_dac esp_driver_dma esp_driver_gpio esp_driver_gptimer esp_driver_i2c esp_driver_i2s esp_driver_i3c esp_driver_isp esp_driver_jpeg esp_driver_ledc esp_driver_mcpwm esp_driver_parlio esp_driver_pcnt esp_driver_ppa esp_driver_rmt esp_driver_sd_intf esp_driver_sdio esp_driver_sdm esp_driver_sdmmc esp_driver_sdspi esp_driver_spi esp_driver_touch_sens esp_driver_tsens esp_driver_twai esp_driver_uart esp_driver_usb_serial_jtag esp_eth esp_event esp_gdbstub esp_hal_ana_cmpr esp_hal_ana_conv esp_hal_asrc esp_hal_cam esp_hal_clock esp_hal_cordic esp_hal_dma esp_hal_emac esp_hal_gpio esp_hal_gpspi esp_hal_i2c esp_hal_i2s esp_hal_i3c esp_hal_ieee802154 esp_hal_jpeg esp_hal_lcd esp_hal_ledc esp_hal_mcpwm esp_hal_mspi esp_hal_parlio esp_hal_pcnt esp_hal_pmu esp_hal_ppa esp_hal_regi2c esp_hal_rmt esp_hal_rtc_timer esp_hal_sd esp_hal_security esp_hal_systimer esp_hal_timg esp_hal_touch_sens esp_hal_twai esp_hal_uart esp_hal_usb esp_hal_wdt esp_hid esp_http_client esp_http_server esp_https_ota esp_https_server esp_hw_support esp_lcd esp_libc esp_local_ctrl esp_mm esp_netif esp_netif_stack esp_partition esp_phy esp_pm esp_psram esp_ringbuf esp_rom esp_security esp_stdio esp_system esp_timer esp_trace esp_usb_cdc_rom_console esp_wifi espcoredump esptool_py fatfs freertos hal heap http_parser ieee802154 log lwip main mbedtls nvs_flash nvs_sec_provider openthread partition_table perfmon protobuf-c protocomm pthread rt sdmmc soc spi_flash spiffs tcp_transport ulp unity vfs wear_levelling wpa_supplicant xtensa
-- Component paths: /Users/hojunsong/esp/esp-idf/components/app_trace /Users/hojunsong/esp/esp-idf/components/app_update /Users/hojunsong/esp/esp-idf/components/bootloader /Users/hojunsong/esp/esp-idf/components/bootloader_support /Users/hojunsong/esp/esp-idf/components/bt /Users/hojunsong/esp/esp-idf/components/cmock /Users/hojunsong/esp/esp-idf/components/console /Users/hojunsong/esp/esp-idf/components/cxx /Users/hojunsong/esp/esp-idf/components/driver /Users/hojunsong/esp/esp-idf/components/efuse /Users/hojunsong/esp/esp-idf/components/esp-tls /Users/hojunsong/esp/esp-idf/components/esp_adc /Users/hojunsong/esp/esp-idf/components/esp_app_format /Users/hojunsong/esp/esp-idf/components/esp_asrc_adapter /Users/hojunsong/esp/esp-idf/components/esp_blockdev /Users/hojunsong/esp/esp-idf/components/esp_blockdev_util /Users/hojunsong/esp/esp-idf/components/esp_bootloader_format /Users/hojunsong/esp/esp-idf/components/esp_coex /Users/hojunsong/esp/esp-idf/components/esp_common /Users/hojunsong/esp/esp-idf/components/esp_driver_ana_cmpr /Users/hojunsong/esp/esp-idf/components/esp_driver_bitscrambler /Users/hojunsong/esp/esp-idf/components/esp_driver_cam /Users/hojunsong/esp/esp-idf/components/esp_driver_cordic /Users/hojunsong/esp/esp-idf/components/esp_driver_dac /Users/hojunsong/esp/esp-idf/components/esp_driver_dma /Users/hojunsong/esp/esp-idf/components/esp_driver_gpio /Users/hojunsong/esp/esp-idf/components/esp_driver_gptimer /Users/hojunsong/esp/esp-idf/components/esp_driver_i2c /Users/hojunsong/esp/esp-idf/components/esp_driver_i2s /Users/hojunsong/esp/esp-idf/components/esp_driver_i3c /Users/hojunsong/esp/esp-idf/components/esp_driver_isp /Users/hojunsong/esp/esp-idf/components/esp_driver_jpeg /Users/hojunsong/esp/esp-idf/components/esp_driver_ledc /Users/hojunsong/esp/esp-idf/components/esp_driver_mcpwm /Users/hojunsong/esp/esp-idf/components/esp_driver_parlio /Users/hojunsong/esp/esp-idf/components/esp_driver_pcnt /Users/hojunsong/esp/esp-idf/components/esp_driver_ppa /Users/hojunsong/esp/esp-idf/components/esp_driver_rmt /Users/hojunsong/esp/esp-idf/components/esp_driver_sd_intf /Users/hojunsong/esp/esp-idf/components/esp_driver_sdio /Users/hojunsong/esp/esp-idf/components/esp_driver_sdm /Users/hojunsong/esp/esp-idf/components/esp_driver_sdmmc /Users/hojunsong/esp/esp-idf/components/esp_driver_sdspi /Users/hojunsong/esp/esp-idf/components/esp_driver_spi /Users/hojunsong/esp/esp-idf/components/esp_driver_touch_sens /Users/hojunsong/esp/esp-idf/components/esp_driver_tsens /Users/hojunsong/esp/esp-idf/components/esp_driver_twai /Users/hojunsong/esp/esp-idf/components/esp_driver_uart /Users/hojunsong/esp/esp-idf/components/esp_driver_usb_serial_jtag /Users/hojunsong/esp/esp-idf/components/esp_eth /Users/hojunsong/esp/esp-idf/components/esp_event /Users/hojunsong/esp/esp-idf/components/esp_gdbstub /Users/hojunsong/esp/esp-idf/components/esp_hal_ana_cmpr /Users/hojunsong/esp/esp-idf/components/esp_hal_ana_conv /Users/hojunsong/esp/esp-idf/components/esp_hal_asrc /Users/hojunsong/esp/esp-idf/components/esp_hal_cam /Users/hojunsong/esp/esp-idf/components/esp_hal_clock /Users/hojunsong/esp/esp-idf/components/esp_hal_cordic /Users/hojunsong/esp/esp-idf/components/esp_hal_dma /Users/hojunsong/esp/esp-idf/components/esp_hal_emac /Users/hojunsong/esp/esp-idf/components/esp_hal_gpio /Users/hojunsong/esp/esp-idf/components/esp_hal_gpspi /Users/hojunsong/esp/esp-idf/components/esp_hal_i2c /Users/hojunsong/esp/esp-idf/components/esp_hal_i2s /Users/hojunsong/esp/esp-idf/components/esp_hal_i3c /Users/hojunsong/esp/esp-idf/components/esp_hal_ieee802154 /Users/hojunsong/esp/esp-idf/components/esp_hal_jpeg /Users/hojunsong/esp/esp-idf/components/esp_hal_lcd /Users/hojunsong/esp/esp-idf/components/esp_hal_ledc /Users/hojunsong/esp/esp-idf/components/esp_hal_mcpwm /Users/hojunsong/esp/esp-idf/components/esp_hal_mspi /Users/hojunsong/esp/esp-idf/components/esp_hal_parlio /Users/hojunsong/esp/esp-idf/components/esp_hal_pcnt /Users/hojunsong/esp/esp-idf/components/esp_hal_pmu /Users/hojunsong/esp/esp-idf/components/esp_hal_ppa /Users/hojunsong/esp/esp-idf/components/esp_hal_regi2c /Users/hojunsong/esp/esp-idf/components/esp_hal_rmt /Users/hojunsong/esp/esp-idf/components/esp_hal_rtc_timer /Users/hojunsong/esp/esp-idf/components/esp_hal_sd /Users/hojunsong/esp/esp-idf/components/esp_hal_security /Users/hojunsong/esp/esp-idf/components/esp_hal_systimer /Users/hojunsong/esp/esp-idf/components/esp_hal_timg /Users/hojunsong/esp/esp-idf/components/esp_hal_touch_sens /Users/hojunsong/esp/esp-idf/components/esp_hal_twai /Users/hojunsong/esp/esp-idf/components/esp_hal_uart /Users/hojunsong/esp/esp-idf/components/esp_hal_usb /Users/hojunsong/esp/esp-idf/components/esp_hal_wdt /Users/hojunsong/esp/esp-idf/components/esp_hid /Users/hojunsong/esp/esp-idf/components/esp_http_client /Users/hojunsong/esp/esp-idf/components/esp_http_server /Users/hojunsong/esp/esp-idf/components/esp_https_ota /Users/hojunsong/esp/esp-idf/components/esp_https_server /Users/hojunsong/esp/esp-idf/components/esp_hw_support /Users/hojunsong/esp/esp-idf/components/esp_lcd /Users/hojunsong/esp/esp-idf/components/esp_libc /Users/hojunsong/esp/esp-idf/components/esp_local_ctrl /Users/hojunsong/esp/esp-idf/components/esp_mm /Users/hojunsong/esp/esp-idf/components/esp_netif /Users/hojunsong/esp/esp-idf/components/esp_netif_stack /Users/hojunsong/esp/esp-idf/components/esp_partition /Users/hojunsong/esp/esp-idf/components/esp_phy /Users/hojunsong/esp/esp-idf/components/esp_pm /Users/hojunsong/esp/esp-idf/components/esp_psram /Users/hojunsong/esp/esp-idf/components/esp_ringbuf /Users/hojunsong/esp/esp-idf/components/esp_rom /Users/hojunsong/esp/esp-idf/components/esp_security /Users/hojunsong/esp/esp-idf/components/esp_stdio /Users/hojunsong/esp/esp-idf/components/esp_system /Users/hojunsong/esp/esp-idf/components/esp_timer /Users/hojunsong/esp/esp-idf/components/esp_trace /Users/hojunsong/esp/esp-idf/components/esp_usb_cdc_rom_console /Users/hojunsong/esp/esp-idf/components/esp_wifi /Users/hojunsong/esp/esp-idf/components/espcoredump /Users/hojunsong/esp/esp-idf/components/esptool_py /Users/hojunsong/esp/esp-idf/components/fatfs /Users/hojunsong/esp/esp-idf/components/freertos /Users/hojunsong/esp/esp-idf/components/hal /Users/hojunsong/esp/esp-idf/components/heap /Users/hojunsong/esp/esp-idf/components/http_parser /Users/hojunsong/esp/esp-idf/components/ieee802154 /Users/hojunsong/esp/esp-idf/components/log /Users/hojunsong/esp/esp-idf/components/lwip /Users/hojunsong/Desktop/Desktop - hojun’s mbp/SailingBLEWatchMonitor/firmware-idf/main /Users/hojunsong/esp/esp-idf/components/mbedtls /Users/hojunsong/esp/esp-idf/components/nvs_flash /Users/hojunsong/esp/esp-idf/components/nvs_sec_provider /Users/hojunsong/esp/esp-idf/components/openthread /Users/hojunsong/esp/esp-idf/components/partition_table /Users/hojunsong/esp/esp-idf/components/perfmon /Users/hojunsong/esp/esp-idf/components/protobuf-c /Users/hojunsong/esp/esp-idf/components/protocomm /Users/hojunsong/esp/esp-idf/components/pthread /Users/hojunsong/esp/esp-idf/components/rt /Users/hojunsong/esp/esp-idf/components/sdmmc /Users/hojunsong/esp/esp-idf/components/soc /Users/hojunsong/esp/esp-idf/components/spi_flash /Users/hojunsong/esp/esp-idf/components/spiffs /Users/hojunsong/esp/esp-idf/components/tcp_transport /Users/hojunsong/esp/esp-idf/components/ulp /Users/hojunsong/esp/esp-idf/components/unity /Users/hojunsong/esp/esp-idf/components/vfs /Users/hojunsong/esp/esp-idf/components/wear_levelling /Users/hojunsong/esp/esp-idf/components/wpa_supplicant /Users/hojunsong/esp/esp-idf/components/xtensa
-- Configuring done (10.2s)
-- Generating done (0.6s)
-- Build files have been written to: /Users/hojunsong/Desktop/Desktop - hojun’s mbp/SailingBLEWatchMonitor/firmware-idf/build
Adding "set-target"'s dependency "fullclean" to list of commands with default set of options.
Executing action: fullclean
Build directory '/Users/hojunsong/Desktop/Desktop - hojun’s mbp/SailingBLEWatchMonitor/firmware-idf/build' not found. Nothing to clean.
Executing action: set-target
Set Target to: esp32s3, new sdkconfig will be created.
Running cmake in directory '/Users/hojunsong/Desktop/Desktop - hojun’s mbp/SailingBLEWatchMonitor/firmware-idf/build'
Executing "cmake -G Ninja -B '/Users/hojunsong/Desktop/Desktop - hojun’s mbp/SailingBLEWatchMonitor/firmware-idf/build' -DPYTHON_DEPS_CHECKED=1 -DPYTHON=/Users/hojunsong/.espressif/python_env/idf6.1_py3.13_env/bin/python -DESP_PLATFORM=1 -DIDF_TARGET=esp32s3 -DCCACHE_ENABLE=False '/Users/hojunsong/Desktop/Desktop - hojun’s mbp/SailingBLEWatchMonitor/firmware-idf'"...
